// Jest Snapshot v1, https://goo.gl/fbAQLP

exports[`App renders the component correctly 1`] = `
<div>
   Hello World 
</div>
`;
