// Jest Snapshot v1, https://goo.gl/fbAQLP

exports[`App renders the component correctly 1`] = `
<ThemeProvider
  theme={
    Object {
      "alabaster": "#fef217",
      "black": "#212121",
      "broom": "#fef217",
      "charcoal": "#424242",
      "crayonOrange": "#f26726",
      "doveGrey": "#757575",
      "error": "#b92121",
      "frenchGray": "#bdbdbd",
      "funBlue": "#1862a6",
      "georgia": "georgia, serif",
      "melon": "#fbbfb7",
      "nunito": "Nunito, sansSerif",
      "persianIndigo": "#66239c",
      "sansSerif": "Nunito, sansSerif",
      "serif": "georgia, serif",
      "starDust": "#9e9e9e",
      "stormDust": "#616161",
      "success": "#29a028",
      "warning": "#f7df5a",
      "weightBlack": 900,
      "weightBold": 700,
      "weightRegular": 400,
      "white": "#eeeeee",
      "whiteSmoke": "#f5f5f5",
      "zircon": "#e0e0e0",
    }
  }
>
  <GlobalStyleComponent />
  <app__StyledLayout>
    <BrowserRouter>
      <aside>
        <Logo
          className=""
          height="120"
          width="113"
        />
        <ol
          className="top-nav"
        >
          <li>
            <Link
              to="/"
            >
              Home
            </Link>
          </li>
          <li>
            <Link
              to="/AddLocation"
            >
              Add Location
            </Link>
          </li>
        </ol>
        <ol
          className="btm-nav"
        >
          <li>
            <Link>
              Settings
            </Link>
          </li>
          <li>
            <Link>
              Logout
            </Link>
          </li>
        </ol>
      </aside>
      <main>
        <Route
          exact={true}
          path="/AddLocation"
          render={[Function]}
        />
        <Route
          exact={true}
          path="/"
          render={[Function]}
        />
      </main>
    </BrowserRouter>
  </app__StyledLayout>
</ThemeProvider>
`;
